{\rtf1\ansi\ansicpg1252\cocoartf2578
\cocoatextscaling0\cocoaplatform0{\fonttbl\f0\fnil\fcharset0 Carlito;}
{\colortbl;\red255\green255\blue255;\red0\green0\blue0;\red255\green255\blue255;}
{\*\expandedcolortbl;;\cssrgb\c0\c0\c0;\cssrgb\c100000\c100000\c100000;}
\paperw11900\paperh16840\margl1440\margr1440\vieww11520\viewh8400\viewkind0
\deftab720
\pard\pardeftab720\partightenfactor0

\f0\fs24 \cf2 \cb3 \expnd0\expndtw0\kerning0
\outl0\strokewidth0 \strokec2 ubuntu@ip-10-2-10-37:~$ mysql -h secondary.chpfsrdgyn5g.us-west-1.rds.amazonaws.com -P 3306 -u admin -p\
Enter password: \
Welcome to the MySQL monitor.  Commands end with ; or \\g.\
Your MySQL connection id is 14\
Server version: 8.0.20 Source distribution\
\
Copyright (c) 2000, 2021, Oracle and/or its affiliates.\
\
Oracle is a registered trademark of Oracle Corporation and/or its\
affiliates. Other names may be trademarks of their respective\
owners.\
\
Type 'help;' or '\\h' for help. Type '\\c' to clear the current input statement.\
\
mysql> use databases;\
ERROR 1049 (42000): Unknown database 'databases'\
mysql> show databases;\
+--------------------+\
| Database           |\
+--------------------+\
| information_schema |\
| menagerie          |\
| mysql              |\
| performance_schema |\
\
mysql> select * from tasks;\
+---------+---------------------------------------------------+------------+----------+----------+-------------+\
| task_id | title                                             | start_date | due_date | priority | description |\
+---------+---------------------------------------------------+------------+----------+----------+-------------+\
|       1 | Learn MySQL INSERT Statement                      | NULL       | NULL     |        1 | NULL        |\
|       2 | Understanding DEFAULT keyword in INSERT statement | NULL       | NULL     |        3 | NULL        |\
+---------+---------------------------------------------------+------------+----------+----------+-------------+\
2 rows in set (0.00 sec)\
\
mysql> \
mysql> \
mysql> \
mysql> \
mysql> NSERT INTO tasks(title, start_date, due_date)\
    -> VALUES('Insert date into table','2018-01-09','2018-09-15');\
ERROR 1064 (42000): You have an error in your SQL syntax; check the manual that corresponds to your MySQL server version for the righ\
t syntax to use near 'NSERT INTO tasks(title, start_date, due_date)\
VALUES('Insert date into table','2' at line 1\
mysql> INSERT INTO tasks(title, start_date, due_date) VALUES('Insert date into table','2018-01-09','2018-09-15');\
ERROR 1290 (HY000): The MySQL server is running with the --read-only option so it cannot execute this statement\
mysql> }
